[36mvite v7.2.4 [32mbuilding client environment for production...[36m[39m
transforming...
[32mΓ£ô[39m 3 modules transformed.
node.exe : 
[31mΓ£ù[39m Build 
failed in 755ms
At line:1 char:1
+ & "C:\Program 
Files\nodejs/node.exe" 
"C:\Program 
Files\nodejs/node_mo 
...
+ ~~~~~~~~~~~~~~~~~~~~~
~~~~~~~~~~~~~~~~~~~~~~~
~~~~~~~~~~~~~~~~~~~~~~~
~~
    + CategoryInfo     
         : NotSpecifi  
  ed: ([31mΓ£ù[39m   
  Build failed in 7    
55ms:String) [], R    
emoteException
    + FullyQualifiedEr 
   rorId : NativeComm  
  andError
 
[31merror during 
build:
[31m[vite:css] 
[postcss] It looks 
like you're trying to 
use `tailwindcss` 
directly as a PostCSS 
plugin. The PostCSS 
plugin has moved to a 
separate package, so 
to continue using 
Tailwind CSS with 
PostCSS you'll need to 
install 
`@tailwindcss/postcss` 
and update your 
PostCSS 
configuration.[31m
file: [36mC:/Users/PRO
BUDDHA DUTTA/OneDrive/D
esktop/LEGAL LLM 2/src/
index.css:undefined:NaN
[31m
    at at 
(C:\Users\PROBUDDHA DUT
TA\OneDrive\Desktop\LEG
AL LLM 2\node_modules\t
ailwindcss\dist\lib.js:
38:1629)
    at 
LazyResult.runOnRoot 
(C:\Users\PROBUDDHA DUT
TA\OneDrive\Desktop\LEG
AL LLM 2\node_modules\p
ostcss\lib\lazy-result.
js:361:16)
    at 
LazyResult.runAsync 
(C:\Users\PROBUDDHA DUT
TA\OneDrive\Desktop\LEG
AL LLM 2\node_modules\p
ostcss\lib\lazy-result.
js:290:26)
    at 
LazyResult.async 
(C:\Users\PROBUDDHA DUT
TA\OneDrive\Desktop\LEG
AL LLM 2\node_modules\p
ostcss\lib\lazy-result.
js:192:30)
    at LazyResult.then 
(C:\Users\PROBUDDHA DUT
TA\OneDrive\Desktop\LEG
AL LLM 2\node_modules\p
ostcss\lib\lazy-result.
js:436:17)[39m
